2026-02-02 11:02:13,285 - __main__ - INFO - Starting KDTPS Error Manager...
2026-02-02 11:02:15,847 - core.database - INFO - Database tables created successfully
2026-02-02 11:02:15,862 - ui.main_window - INFO - Data loaded from database
2026-02-02 11:02:15,981 - __main__ - INFO - Application window shown
2026-02-02 11:05:44,327 - __main__ - INFO - Starting KDTPS Error Manager...
2026-02-02 11:05:45,671 - core.database - INFO - Database tables created successfully
2026-02-02 11:05:45,686 - ui.main_window - INFO - Data loaded from database
2026-02-02 11:05:45,791 - __main__ - INFO - Application window shown
2026-02-02 11:09:18,253 - __main__ - INFO - Starting KDTPS Error Manager...
2026-02-02 11:09:19,916 - core.database - INFO - Database tables created successfully
2026-02-02 11:09:19,973 - ui.widgets.data_grid - INFO - Loaded 0 records
2026-02-02 11:09:19,976 - ui.widgets.data_grid - INFO - Loaded 0 records
2026-02-02 11:09:19,977 - ui.main_window - INFO - Data loaded from database
2026-02-02 11:09:20,115 - __main__ - INFO - Application window shown
2026-02-02 11:12:22,703 - __main__ - INFO - Starting KDTPS Error Manager...
2026-02-02 11:12:24,916 - core.database - INFO - Database tables created successfully
2026-02-02 11:12:24,949 - ui.report_widget - INFO - Report refreshed
2026-02-02 11:12:25,013 - ui.widgets.data_grid - INFO - Loaded 0 records
2026-02-02 11:12:25,016 - ui.widgets.data_grid - INFO - Loaded 0 records
2026-02-02 11:12:25,016 - ui.main_window - INFO - Data loaded from database
2026-02-02 11:12:25,126 - __main__ - INFO - Application window shown
2026-02-02 11:26:40,043 - core.excel_handler - WARNING - win32com failed, trying openpyxl: (-2147417848, 'The object invoked has disconnected from its clients.', None, None)
2026-02-02 12:25:20,953 - __main__ - INFO - Starting KDTPS Error Manager...
2026-02-02 12:25:25,276 - core.database - INFO - Database tables created successfully
2026-02-02 12:25:25,292 - ui.report_widget - INFO - Report refreshed
2026-02-02 12:25:25,399 - ui.widgets.data_grid - INFO - Loaded 0 records
2026-02-02 12:25:25,403 - ui.widgets.data_grid - INFO - Loaded 0 records
2026-02-02 12:25:25,403 - ui.main_window - INFO - Data loaded from database
2026-02-02 12:25:25,600 - __main__ - INFO - Application window shown
2026-02-02 12:27:58,026 - core.excel_handler - WARNING - win32com failed, trying openpyxl: (-2147417848, 'The object invoked has disconnected from its clients.', None, None)
2026-02-02 12:42:46,858 - __main__ - INFO - Starting KDTPS Error Manager...
2026-02-02 12:42:49,405 - core.database - INFO - Database tables created successfully
2026-02-02 12:42:49,418 - ui.report_widget - INFO - Report refreshed
2026-02-02 12:42:49,456 - ui.widgets.data_grid - INFO - Loaded 0 records
2026-02-02 12:42:49,458 - ui.widgets.data_grid - INFO - Loaded 0 records
2026-02-02 12:42:49,458 - ui.main_window - INFO - Data loaded from database
2026-02-02 12:42:49,563 - __main__ - INFO - Application window shown
2026-02-02 12:46:33,870 - __main__ - INFO - Starting KDTPS Error Manager...
2026-02-02 12:46:35,265 - core.database - INFO - Database tables created successfully
2026-02-02 12:46:35,279 - ui.report_widget - INFO - Report refreshed
2026-02-02 12:46:35,313 - ui.widgets.data_grid - INFO - Loaded 0 records
2026-02-02 12:46:35,316 - ui.widgets.data_grid - INFO - Loaded 0 records
2026-02-02 12:46:35,316 - ui.main_window - INFO - Data loaded from database
2026-02-02 12:46:35,422 - __main__ - INFO - Application window shown
2026-02-02 12:50:28,909 - __main__ - INFO - Starting KDTPS Error Manager...
2026-02-02 12:50:31,227 - core.database - INFO - Database tables created successfully
2026-02-02 12:50:31,240 - ui.report_widget - INFO - Report refreshed
2026-02-02 12:50:31,284 - ui.widgets.data_grid - INFO - Loaded 0 records
2026-02-02 12:50:31,287 - ui.widgets.data_grid - INFO - Loaded 0 records
2026-02-02 12:50:31,288 - ui.main_window - INFO - Data loaded from database
2026-02-02 12:50:31,423 - __main__ - INFO - Application window shown
2026-02-02 13:00:19,197 - __main__ - INFO - Starting KDTPS Error Manager...
2026-02-02 13:00:23,444 - core.database - INFO - Database tables created successfully
2026-02-02 13:00:23,479 - ui.report_widget - INFO - Report refreshed
2026-02-02 13:00:23,573 - ui.widgets.data_grid - INFO - Loaded 0 records
2026-02-02 13:00:23,579 - ui.widgets.data_grid - INFO - Loaded 0 records
2026-02-02 13:00:23,581 - ui.main_window - INFO - Data loaded from database
2026-02-02 13:00:23,801 - __main__ - INFO - Application window shown
